io.c:67:6:readApps	8	static
io.c:86:6:readBse	8	static
io.c:105:6:readCurr	8	static
io.c:118:6:filterApps	0	static
io.c:137:6:filterBse	0	static
io.c:156:6:filterCurr	0	static
io.c:167:6:scaleThrottle	0	static
io.c:171:6:scaleBrake	0	static
io.c:175:6:scaleCurrent	0	static
io.c:180:6:updateLEDs	16	static
io.c:190:6:clearFaults	0	static
io.c:40:6:init	0	static
io.c:222:6:assertFaults	0	static
io.c:234:10:getFltR	8	static
io.c:238:10:getFltNR	8	static
io.c:242:10:getIsThrottle	0	static
io.c:246:10:getIsBrake	0	static
io.c:250:10:getAppsMismatch	0	static
io.c:254:10:getBseMismatch	0	static
io.c:258:10:getPotato	8	static
io.c:262:10:getBppcFault	0	static
io.c:206:6:updateFaults	8	static
io.c:276:6:can_sendThrottle	24	static
io.c:282:6:can_sendBrake	24	static
io.c:44:6:mainLoop	72	static
io.c:296:6:can_sendPedalStatus	40	static
io.c:319:6:can_sendFaultStatus	24	static
io.c:333:6:sendCANStatuses	0	static
io.c:339:6:sendHeartbeat	24	static
