Archive member included to satisfy reference by file (symbol)

c:/program files (x86)/atollic/truestudio for stm32 9.0.0/armtools/bin/../lib/gcc/arm-atollic-eabi/6.3.1/../../../../arm-atollic-eabi/lib/armv7e-m/fpu\libc_nano.a(lib_a-init.o)
                              startup\startup_stm32f407xx.o (__libc_init_array)
c:/program files (x86)/atollic/truestudio for stm32 9.0.0/armtools/bin/../lib/gcc/arm-atollic-eabi/6.3.1/../../../../arm-atollic-eabi/lib/armv7e-m/fpu\libc_nano.a(lib_a-malloc.o)
                              common_src\scheduler.o (malloc)
c:/program files (x86)/atollic/truestudio for stm32 9.0.0/armtools/bin/../lib/gcc/arm-atollic-eabi/6.3.1/../../../../arm-atollic-eabi/lib/armv7e-m/fpu\libc_nano.a(lib_a-nano-freer.o)
                              c:/program files (x86)/atollic/truestudio for stm32 9.0.0/armtools/bin/../lib/gcc/arm-atollic-eabi/6.3.1/../../../../arm-atollic-eabi/lib/armv7e-m/fpu\libc_nano.a(lib_a-malloc.o) (_free_r)
c:/program files (x86)/atollic/truestudio for stm32 9.0.0/armtools/bin/../lib/gcc/arm-atollic-eabi/6.3.1/../../../../arm-atollic-eabi/lib/armv7e-m/fpu\libc_nano.a(lib_a-nano-mallocr.o)
                              c:/program files (x86)/atollic/truestudio for stm32 9.0.0/armtools/bin/../lib/gcc/arm-atollic-eabi/6.3.1/../../../../arm-atollic-eabi/lib/armv7e-m/fpu\libc_nano.a(lib_a-malloc.o) (_malloc_r)
c:/program files (x86)/atollic/truestudio for stm32 9.0.0/armtools/bin/../lib/gcc/arm-atollic-eabi/6.3.1/../../../../arm-atollic-eabi/lib/armv7e-m/fpu\libc_nano.a(lib_a-sbrkr.o)
                              c:/program files (x86)/atollic/truestudio for stm32 9.0.0/armtools/bin/../lib/gcc/arm-atollic-eabi/6.3.1/../../../../arm-atollic-eabi/lib/armv7e-m/fpu\libc_nano.a(lib_a-nano-mallocr.o) (_sbrk_r)
c:/program files (x86)/atollic/truestudio for stm32 9.0.0/armtools/bin/../lib/gcc/arm-atollic-eabi/6.3.1/../../../../arm-atollic-eabi/lib/armv7e-m/fpu\libc_nano.a(lib_a-impure.o)
                              c:/program files (x86)/atollic/truestudio for stm32 9.0.0/armtools/bin/../lib/gcc/arm-atollic-eabi/6.3.1/../../../../arm-atollic-eabi/lib/armv7e-m/fpu\libc_nano.a(lib_a-malloc.o) (_impure_ptr)
c:/program files (x86)/atollic/truestudio for stm32 9.0.0/armtools/bin/../lib/gcc/arm-atollic-eabi/6.3.1/../../../../arm-atollic-eabi/lib/armv7e-m/fpu\libc_nano.a(lib_a-mlock.o)
                              c:/program files (x86)/atollic/truestudio for stm32 9.0.0/armtools/bin/../lib/gcc/arm-atollic-eabi/6.3.1/../../../../arm-atollic-eabi/lib/armv7e-m/fpu\libc_nano.a(lib_a-nano-freer.o) (__malloc_lock)
c:/program files (x86)/atollic/truestudio for stm32 9.0.0/armtools/bin/../lib/gcc/arm-atollic-eabi/6.3.1/../../../../arm-atollic-eabi/lib/armv7e-m/fpu\libc_nano.a(lib_a-reent.o)
                              c:/program files (x86)/atollic/truestudio for stm32 9.0.0/armtools/bin/../lib/gcc/arm-atollic-eabi/6.3.1/../../../../arm-atollic-eabi/lib/armv7e-m/fpu\libc_nano.a(lib_a-sbrkr.o) (errno)
c:/program files (x86)/atollic/truestudio for stm32 9.0.0/armtools/bin/../lib/gcc/arm-atollic-eabi/6.3.1/armv7e-m/fpu\libgcc.a(_aeabi_uldivmod.o)
                              Drivers\STM32F4xx_HAL_Driver\Src\stm32f4xx_hal_rcc.o (__aeabi_uldivmod)
c:/program files (x86)/atollic/truestudio for stm32 9.0.0/armtools/bin/../lib/gcc/arm-atollic-eabi/6.3.1/armv7e-m/fpu\libgcc.a(_udivmoddi4.o)
                              c:/program files (x86)/atollic/truestudio for stm32 9.0.0/armtools/bin/../lib/gcc/arm-atollic-eabi/6.3.1/armv7e-m/fpu\libgcc.a(_aeabi_uldivmod.o) (__udivmoddi4)
c:/program files (x86)/atollic/truestudio for stm32 9.0.0/armtools/bin/../lib/gcc/arm-atollic-eabi/6.3.1/armv7e-m/fpu\libgcc.a(_dvmd_tls.o)
                              c:/program files (x86)/atollic/truestudio for stm32 9.0.0/armtools/bin/../lib/gcc/arm-atollic-eabi/6.3.1/armv7e-m/fpu\libgcc.a(_aeabi_uldivmod.o) (__aeabi_ldiv0)
c:/program files (x86)/atollic/truestudio for stm32 9.0.0/armtools/bin/../lib/gcc/arm-atollic-eabi/6.3.1/../../../../arm-atollic-eabi/lib/armv7e-m/fpu\libnosys.a(sbrk.o)
                              c:/program files (x86)/atollic/truestudio for stm32 9.0.0/armtools/bin/../lib/gcc/arm-atollic-eabi/6.3.1/../../../../arm-atollic-eabi/lib/armv7e-m/fpu\libc_nano.a(lib_a-sbrkr.o) (_sbrk)

Allocating common symbols
Common symbol       size              file

errno               0x4               c:/program files (x86)/atollic/truestudio for stm32 9.0.0/armtools/bin/../lib/gcc/arm-atollic-eabi/6.3.1/../../../../arm-atollic-eabi/lib/armv7e-m/fpu\libc_nano.a(lib_a-reent.o)
hadc2               0x48              Src\adc.o
uwTick              0x4               Drivers\STM32F4xx_HAL_Driver\Src\stm32f4xx_hal.o
pFlash              0x20              Drivers\STM32F4xx_HAL_Driver\Src\stm32f4xx_hal_flash.o
hadc1               0x48              Src\adc.o
hadc3               0x48              Src\adc.o
hcan1               0x28              Src\can.o
sensors             0x1a              Src\io.o
[...]
Memory Configuration

Name             Origin             Length             Attributes
RAM              0x20000000         0x00020000         xrw
CCMRAM           0x10000000         0x00010000         rw
FLASH            0x08000000         0x00100000         xr
*default*        0x00000000         0xffffffff

Linker script and memory map

LOAD c:/program files (x86)/atollic/truestudio for stm32 9.0.0/armtools/bin/../lib/gcc/arm-atollic-eabi/6.3.1/armv7e-m/fpu/crti.o
LOAD c:/program files (x86)/atollic/truestudio for stm32 9.0.0/armtools/bin/../lib/gcc/arm-atollic-eabi/6.3.1/armv7e-m/fpu/crtbegin.o
LOAD Drivers\STM32F4xx_HAL_Driver\Src\stm32f4xx_hal.o
LOAD Drivers\STM32F4xx_HAL_Driver\Src\stm32f4xx_hal_adc.o
LOAD Drivers\STM32F4xx_HAL_Driver\Src\stm32f4xx_hal_adc_ex.o
LOAD Drivers\STM32F4xx_HAL_Driver\Src\stm32f4xx_hal_can.o
LOAD Drivers\STM32F4xx_HAL_Driver\Src\stm32f4xx_hal_cortex.o
LOAD Drivers\STM32F4xx_HAL_Driver\Src\stm32f4xx_hal_dma.o
LOAD Drivers\STM32F4xx_HAL_Driver\Src\stm32f4xx_hal_dma_ex.o
LOAD Drivers\STM32F4xx_HAL_Driver\Src\stm32f4xx_hal_flash.o
LOAD Drivers\STM32F4xx_HAL_Driver\Src\stm32f4xx_hal_flash_ex.o
LOAD Drivers\STM32F4xx_HAL_Driver\Src\stm32f4xx_hal_flash_ramfunc.o
LOAD Drivers\STM32F4xx_HAL_Driver\Src\stm32f4xx_hal_gpio.o
LOAD Drivers\STM32F4xx_HAL_Driver\Src\stm32f4xx_hal_pwr.o
LOAD Drivers\STM32F4xx_HAL_Driver\Src\stm32f4xx_hal_pwr_ex.o
LOAD Drivers\STM32F4xx_HAL_Driver\Src\stm32f4xx_hal_rcc.o
LOAD Drivers\STM32F4xx_HAL_Driver\Src\stm32f4xx_hal_rcc_ex.o
LOAD Drivers\STM32F4xx_HAL_Driver\Src\stm32f4xx_hal_tim.o
LOAD Drivers\STM32F4xx_HAL_Driver\Src\stm32f4xx_hal_tim_ex.o
LOAD Src\adc.o
LOAD Src\can.o
LOAD Src\gpio.o
LOAD Src\io.o
LOAD Src\main.o
LOAD Src\stm32f4xx_hal_msp.o
LOAD Src\stm32f4xx_it.o
LOAD Src\system_stm32f4xx.o
LOAD common_src\mycan.o
LOAD common_src\scheduler.o
LOAD startup\startup_stm32f407xx.o
                0x00000080                malloc_getpagesize_P = 0x80
START GROUP
LOAD c:/program files (x86)/atollic/truestudio for stm32 9.0.0/armtools/bin/../lib/gcc/arm-atollic-eabi/6.3.1/../../../../arm-atollic-eabi/lib/armv7e-m/fpu\libc_nano.a
LOAD c:/program files (x86)/atollic/truestudio for stm32 9.0.0/armtools/bin/../lib/gcc/arm-atollic-eabi/6.3.1/../../../../arm-atollic-eabi/lib/armv7e-m/fpu\libm.a
END GROUP
START GROUP
LOAD c:/program files (x86)/atollic/truestudio for stm32 9.0.0/armtools/bin/../lib/gcc/arm-atollic-eabi/6.3.1/armv7e-m/fpu\libgcc.a
LOAD c:/program files (x86)/atollic/truestudio for stm32 9.0.0/armtools/bin/../lib/gcc/arm-atollic-eabi/6.3.1/../../../../arm-atollic-eabi/lib/armv7e-m/fpu\libc_nano.a
END GROUP
START GROUP
LOAD c:/program files (x86)/atollic/truestudio for stm32 9.0.0/armtools/bin/../lib/gcc/arm-atollic-eabi/6.3.1/armv7e-m/fpu\libgcc.a
LOAD c:/program files (x86)/atollic/truestudio for stm32 9.0.0/armtools/bin/../lib/gcc/arm-atollic-eabi/6.3.1/../../../../arm-atollic-eabi/lib/armv7e-m/fpu\libc_nano.a
LOAD c:/program files (x86)/atollic/truestudio for stm32 9.0.0/armtools/bin/../lib/gcc/arm-atollic-eabi/6.3.1/../../../../arm-atollic-eabi/lib/armv7e-m/fpu\libnosys.a
END GROUP
START GROUP
LOAD c:/program files (x86)/atollic/truestudio for stm32 9.0.0/armtools/bin/../lib/gcc/arm-atollic-eabi/6.3.1/armv7e-m/fpu\libgcc.a
LOAD c:/program files (x86)/atollic/truestudio for stm32 9.0.0/armtools/bin/../lib/gcc/arm-atollic-eabi/6.3.1/../../../../arm-atollic-eabi/lib/armv7e-m/fpu\libc_nano.a
LOAD c:/program files (x86)/atollic/truestudio for stm32 9.0.0/armtools/bin/../lib/gcc/arm-atollic-eabi/6.3.1/../../../../arm-atollic-eabi/lib/armv7e-m/fpu\libnosys.a
END GROUP
LOAD c:/program files (x86)/atollic/truestudio for stm32 9.0.0/armtools/bin/../lib/gcc/arm-atollic-eabi/6.3.1/armv7e-m/fpu/crtend.o
LOAD c:/program files (x86)/atollic/truestudio for stm32 9.0.0/armtools/bin/../lib/gcc/arm-atollic-eabi/6.3.1/armv7e-m/fpu/crtn.o
                0x20020000                _estack = 0x20020000
                0x00000200                _Min_Heap_Size = 0x200
                0x00000400                _Min_Stack_Size = 0x400

.isr_vector     0x08000000      0x188
                0x08000000                . = ALIGN (0x4)
 *(.isr_vector)
 .isr_vector    0x08000000      0x188 startup\startup_stm32f407xx.o
                0x08000000                g_pfnVectors
                0x08000188                . = ALIGN (0x4)

.text           0x08000188     0x1d04
                0x08000188                . = ALIGN (0x4)
 *(.text)
 .text          0x08000188       0x40 c:/program files (x86)/atollic/truestudio for stm32 9.0.0/armtools/bin/../lib/gcc/arm-atollic-eabi/6.3.1/armv7e-m/fpu/crtbegin.o
 .text          0x080001c8       0x30 c:/program files (x86)/atollic/truestudio for stm32 9.0.0/armtools/bin/../lib/gcc/arm-atollic-eabi/6.3.1/armv7e-m/fpu\libgcc.a(_aeabi_uldivmod.o)
                0x080001c8                __aeabi_uldivmod
 .text          0x080001f8      0x2dc c:/program files (x86)/atollic/truestudio for stm32 9.0.0/armtools/bin/../lib/gcc/arm-atollic-eabi/6.3.1/armv7e-m/fpu\libgcc.a(_udivmoddi4.o)
                0x080001f8                __udivmoddi4
 .text          0x080004d4        0x4 c:/program files (x86)/atollic/truestudio for stm32 9.0.0/armtools/bin/../lib/gcc/arm-atollic-eabi/6.3.1/armv7e-m/fpu\libgcc.a(_dvmd_tls.o)
                0x080004d4                __aeabi_idiv0
                0x080004d4                __aeabi_ldiv0
 *(.text*)
 .text.HAL_InitTick
                0x080004d8       0x48 Drivers\STM32F4xx_HAL_Driver\Src\stm32f4xx_hal.o
                0x080004d8                HAL_InitTick
 .text.HAL_Init
                0x08000520       0x34 Drivers\STM32F4xx_HAL_Driver\Src\stm32f4xx_hal.o
                0x08000520                HAL_Init
 .text.HAL_IncTick
                0x08000554       0x18 Drivers\STM32F4xx_HAL_Driver\Src\stm32f4xx_hal.o
                0x08000554                HAL_IncTick
 .text.HAL_GetTick
                0x0800056c        0xc Drivers\STM32F4xx_HAL_Driver\Src\stm32f4xx_hal.o
                0x0800056c                HAL_GetTick
 .text.HAL_ADC_Init
                0x08000578      0x148 Drivers\STM32F4xx_HAL_Driver\Src\stm32f4xx_hal_adc.o
                0x08000578                HAL_ADC_Init
 .text.HAL_ADC_Start
                0x080006c0       0xc0 Drivers\STM32F4xx_HAL_Driver\Src\stm32f4xx_hal_adc.o
                0x080006c0                HAL_ADC_Start
 .text.HAL_ADC_Stop
                0x08000780       0x3c Drivers\STM32F4xx_HAL_Driver\Src\stm32f4xx_hal_adc.o
                0x08000780                HAL_ADC_Stop
 .text.HAL_ADC_PollForConversion
                0x080007bc       0xa0 Drivers\STM32F4xx_HAL_Driver\Src\stm32f4xx_hal_adc.o
                0x080007bc                HAL_ADC_PollForConversion
 .text.HAL_ADC_GetValue
                0x0800085c        0x6 Drivers\STM32F4xx_HAL_Driver\Src\stm32f4xx_hal_adc.o
                0x0800085c                HAL_ADC_GetValue
 *fill*         0x08000862        0x2 
 .text.HAL_ADC_ConfigChannel
                0x08000864      0x12c Drivers\STM32F4xx_HAL_Driver\Src\stm32f4xx_hal_adc.o
                0x08000864                HAL_ADC_ConfigChannel
 .text.HAL_CAN_Init
                0x08000990       0xf6 Drivers\STM32F4xx_HAL_Driver\Src\stm32f4xx_hal_can.o
                0x08000990                HAL_CAN_Init
 *fill*         0x08000a86        0x2 
 .text.HAL_NVIC_SetPriorityGrouping
                0x08000a88       0x24 Drivers\STM32F4xx_HAL_Driver\Src\stm32f4xx_hal_cortex.o
                0x08000a88                HAL_NVIC_SetPriorityGrouping
 .text.HAL_NVIC_SetPriority
                0x08000aac       0x68 Drivers\STM32F4xx_HAL_Driver\Src\stm32f4xx_hal_cortex.o
                0x08000aac                HAL_NVIC_SetPriority
 .text.HAL_SYSTICK_Config
                0x08000b14       0x2c Drivers\STM32F4xx_HAL_Driver\Src\stm32f4xx_hal_cortex.o
                0x08000b14                HAL_SYSTICK_Config
 .text.HAL_SYSTICK_CLKSourceConfig
                0x08000b40       0x18 Drivers\STM32F4xx_HAL_Driver\Src\stm32f4xx_hal_cortex.o
                0x08000b40                HAL_SYSTICK_CLKSourceConfig
 .text.HAL_SYSTICK_Callback
                0x08000b58        0x2 Drivers\STM32F4xx_HAL_Driver\Src\stm32f4xx_hal_cortex.o
                0x08000b58                HAL_SYSTICK_Callback
 .text.HAL_SYSTICK_IRQHandler
                0x08000b5a        0x8 Drivers\STM32F4xx_HAL_Driver\Src\stm32f4xx_hal_cortex.o
                0x08000b5a                HAL_SYSTICK_IRQHandler
 *fill*         0x08000b62        0x2 
 .text.HAL_GPIO_Init
                0x08000b64      0x1c0 Drivers\STM32F4xx_HAL_Driver\Src\stm32f4xx_hal_gpio.o
                0x08000b64                HAL_GPIO_Init
 .text.HAL_GPIO_ReadPin
                0x08000d24        0xc Drivers\STM32F4xx_HAL_Driver\Src\stm32f4xx_hal_gpio.o
                0x08000d24                HAL_GPIO_ReadPin
 .text.HAL_GPIO_WritePin
                0x08000d30        0xa Drivers\STM32F4xx_HAL_Driver\Src\stm32f4xx_hal_gpio.o
                0x08000d30                HAL_GPIO_WritePin
 *fill*         0x08000d3a        0x2 
 .text.HAL_RCC_OscConfig
                0x08000d3c      0x304 Drivers\STM32F4xx_HAL_Driver\Src\stm32f4xx_hal_rcc.o
                0x08000d3c                HAL_RCC_OscConfig
 .text.HAL_RCC_GetSysClockFreq
                0x08001040       0x5c Drivers\STM32F4xx_HAL_Driver\Src\stm32f4xx_hal_rcc.o
                0x08001040                HAL_RCC_GetSysClockFreq
 .text.HAL_RCC_ClockConfig
                0x0800109c      0x134 Drivers\STM32F4xx_HAL_Driver\Src\stm32f4xx_hal_rcc.o
                0x0800109c                HAL_RCC_ClockConfig
 .text.HAL_RCC_GetHCLKFreq
                0x080011d0        0xc Drivers\STM32F4xx_HAL_Driver\Src\stm32f4xx_hal_rcc.o
                0x080011d0                HAL_RCC_GetHCLKFreq
 .text.MX_ADC1_Init
                0x080011dc       0x88 Src\adc.o
                0x080011dc                MX_ADC1_Init
 .text.MX_ADC2_Init
                0x08001264       0x68 Src\adc.o
                0x08001264                MX_ADC2_Init
 .text.MX_ADC3_Init
                0x080012cc       0x80 Src\adc.o
                0x080012cc                MX_ADC3_Init
 .text.HAL_ADC_MspInit
                0x0800134c       0x94 Src\adc.o
                0x0800134c                HAL_ADC_MspInit
 .text.MX_CAN1_Init
                0x080013e0       0x4c Src\can.o
                0x080013e0                MX_CAN1_Init
 .text.HAL_CAN_MspInit
                0x0800142c       0x50 Src\can.o
                0x0800142c                HAL_CAN_MspInit
 .text.MX_GPIO_Init
                0x0800147c       0x98 Src\gpio.o
                0x0800147c                MX_GPIO_Init
 .text.readApps
                0x08001514       0x5c Src\io.o
                0x08001514                readApps
 .text.readBse  0x08001570       0x5c Src\io.o
                0x08001570                readBse
 .text.readCurr
                0x080015cc       0x3c Src\io.o
                0x080015cc                readCurr
 .text.filterApps
                0x08001608       0x34 Src\io.o
                0x08001608                filterApps
 .text.filterBse
                0x0800163c       0x34 Src\io.o
                0x0800163c                filterBse
 .text.filterCurr
                0x08001670       0x20 Src\io.o
                0x08001670                filterCurr
 .text.scaleThrottle
                0x08001690       0x14 Src\io.o
                0x08001690                scaleThrottle
 .text.scaleBrake
                0x080016a4       0x14 Src\io.o
                0x080016a4                scaleBrake
 .text.scaleCurrent
                0x080016b8        0xc Src\io.o
                0x080016b8                scaleCurrent
 .text.updateLEDs
                0x080016c4       0x50 Src\io.o
                0x080016c4                updateLEDs
 .text.clearFaults
                0x08001714       0x1c Src\io.o
                0x08001714                clearFaults
 .text.init     0x08001730        0x4 Src\io.o
                0x08001730                init
 .text.assertFaults
                0x08001734       0x18 Src\io.o
                0x08001734                assertFaults
 .text.getAppsMismatch
                0x0800174c       0x20 Src\io.o
                0x0800174c                getAppsMismatch
 .text.getBseMismatch
                0x0800176c       0x20 Src\io.o
                0x0800176c                getBseMismatch
 .text.getPotato
                0x0800178c       0x18 Src\io.o
                0x0800178c                getPotato
 .text.getBppcFault
                0x080017a4       0x38 Src\io.o
                0x080017a4                getBppcFault
 .text.updateFaults
                0x080017dc       0x5c Src\io.o
                0x080017dc                updateFaults
 .text.can_sendThrottle
                0x08001838       0x28 Src\io.o
                0x08001838                can_sendThrottle
 .text.can_sendBrake
                0x08001860       0x28 Src\io.o
                0x08001860                can_sendBrake
 .text.mainLoop
                0x08001888       0xb0 Src\io.o
                0x08001888                mainLoop
 .text.can_sendPedalStatus
                0x08001938       0x54 Src\io.o
                0x08001938                can_sendPedalStatus
 .text.sendCANStatuses
                0x0800198c        0x4 Src\io.o
                0x0800198c                sendCANStatuses
 .text.sendHeartbeat
                0x08001990       0x20 Src\io.o
                0x08001990                sendHeartbeat
 .text.SystemClock_Config
                0x080019b0       0xac Src\main.o
                0x080019b0                SystemClock_Config
 .text.startup.main
                0x08001a5c       0x68 Src\main.o
                0x08001a5c                main
 .text._Error_Handler
                0x08001ac4        0x2 Src\main.o
                0x08001ac4                _Error_Handler
 .text.HAL_MspInit
                0x08001ac6       0x60 Src\stm32f4xx_hal_msp.o
                0x08001ac6                HAL_MspInit
 .text.NMI_Handler
                0x08001b26        0x2 Src\stm32f4xx_it.o
                0x08001b26                NMI_Handler
 .text.HardFault_Handler
                0x08001b28        0x2 Src\stm32f4xx_it.o
                0x08001b28                HardFault_Handler
 .text.MemManage_Handler
                0x08001b2a        0x2 Src\stm32f4xx_it.o
                0x08001b2a                MemManage_Handler
 .text.BusFault_Handler
                0x08001b2c        0x2 Src\stm32f4xx_it.o
                0x08001b2c                BusFault_Handler
 .text.UsageFault_Handler
                0x08001b2e        0x2 Src\stm32f4xx_it.o
                0x08001b2e                UsageFault_Handler
 .text.SVC_Handler
                0x08001b30        0x2 Src\stm32f4xx_it.o
                0x08001b30                SVC_Handler
 .text.DebugMon_Handler
                0x08001b32        0x2 Src\stm32f4xx_it.o
                0x08001b32                DebugMon_Handler
 .text.PendSV_Handler
                0x08001b34        0x2 Src\stm32f4xx_it.o
                0x08001b34                PendSV_Handler
 .text.SysTick_Handler
                0x08001b36        0xe Src\stm32f4xx_it.o
                0x08001b36                SysTick_Handler
 .text.SystemInit
                0x08001b44       0x4c Src\system_stm32f4xx.o
                0x08001b44                SystemInit
 .text.Init_MyCAN
                0x08001b90       0x30 common_src\mycan.o
                0x08001b90                Init_MyCAN
 .text.create_ID
                0x08001bc0        0xc common_src\mycan.o
                0x08001bc0                create_ID
 .text.CAN_can_transmit
                0x08001bcc       0x14 common_src\mycan.o
                0x08001bcc                CAN_can_transmit
 .text.CAN_short_msg
                0x08001be0        0xa common_src\mycan.o
                0x08001be0                CAN_short_msg
 *fill*         0x08001bea        0x2 
 .text.CAN_queue_transmit
                0x08001bec       0x6c common_src\mycan.o
                0x08001bec                CAN_queue_transmit
 .text.MakeSchedule
                0x08001c58       0x1c common_src\scheduler.o
                0x08001c58                MakeSchedule
 .text.AddTask  0x08001c74       0x24 common_src\scheduler.o
                0x08001c74                AddTask
 .text.RunSchedule
                0x08001c98       0x34 common_src\scheduler.o
                0x08001c98                RunSchedule
 .text.Reset_Handler
                0x08001ccc       0x50 startup\startup_stm32f407xx.o
                0x08001ccc                Reset_Handler
 .text.Default_Handler
                0x08001d1c        0x2 startup\startup_stm32f407xx.o
                0x08001d1c                RTC_Alarm_IRQHandler
                0x08001d1c                HASH_RNG_IRQHandler
                0x08001d1c                EXTI2_IRQHandler
                0x08001d1c                TIM8_CC_IRQHandler
                0x08001d1c                TIM1_CC_IRQHandler
                0x08001d1c                DMA2_Stream5_IRQHandler
                0x08001d1c                DMA1_Stream5_IRQHandler
                0x08001d1c                PVD_IRQHandler
                0x08001d1c                SDIO_IRQHandler
                0x08001d1c                TAMP_STAMP_IRQHandler
                0x08001d1c                CAN2_RX1_IRQHandler
                0x08001d1c                EXTI3_IRQHandler
                0x08001d1c                TIM8_TRG_COM_TIM14_IRQHandler
                0x08001d1c                TIM1_UP_TIM10_IRQHandler
                0x08001d1c                TIM8_UP_TIM13_IRQHandler
                0x08001d1c                I2C3_ER_IRQHandler
                0x08001d1c                EXTI0_IRQHandler
                0x08001d1c                I2C2_EV_IRQHandler
                0x08001d1c                DMA1_Stream2_IRQHandler
                0x08001d1c                CAN1_RX0_IRQHandler
                0x08001d1c                FPU_IRQHandler
                0x08001d1c                OTG_HS_WKUP_IRQHandler
                0x08001d1c                CAN2_SCE_IRQHandler
                0x08001d1c                DMA2_Stream2_IRQHandler
                0x08001d1c                SPI1_IRQHandler
                0x08001d1c                TIM6_DAC_IRQHandler
                0x08001d1c                TIM1_BRK_TIM9_IRQHandler
                0x08001d1c                DCMI_IRQHandler
                0x08001d1c                CAN2_RX0_IRQHandler
                0x08001d1c                DMA2_Stream3_IRQHandler
                0x08001d1c                USART6_IRQHandler
                0x08001d1c                USART3_IRQHandler
                0x08001d1c                CAN1_RX1_IRQHandler
                0x08001d1c                UART5_IRQHandler
                0x08001d1c                DMA2_Stream0_IRQHandler
                0x08001d1c                TIM4_IRQHandler
                0x08001d1c                I2C1_EV_IRQHandler
                0x08001d1c                DMA1_Stream6_IRQHandler
                0x08001d1c                DMA1_Stream1_IRQHandler
                0x08001d1c                UART4_IRQHandler
                0x08001d1c                TIM3_IRQHandler
                0x08001d1c                RCC_IRQHandler
                0x08001d1c                TIM8_BRK_TIM12_IRQHandler
                0x08001d1c                Default_Handler
                0x08001d1c                EXTI15_10_IRQHandler
                0x08001d1c                ADC_IRQHandler
                0x08001d1c                DMA1_Stream7_IRQHandler
                0x08001d1c                TIM7_IRQHandler
                0x08001d1c                CAN2_TX_IRQHandler
                0x08001d1c                TIM5_IRQHandler
                0x08001d1c                DMA2_Stream7_IRQHandler
                0x08001d1c                I2C3_EV_IRQHandler
                0x08001d1c                EXTI9_5_IRQHandler
                0x08001d1c                RTC_WKUP_IRQHandler
                0x08001d1c                ETH_WKUP_IRQHandler
                0x08001d1c                SPI2_IRQHandler
                0x08001d1c                OTG_HS_EP1_IN_IRQHandler
                0x08001d1c                DMA1_Stream0_IRQHandler
                0x08001d1c                CAN1_TX_IRQHandler
                0x08001d1c                EXTI4_IRQHandler
                0x08001d1c                FSMC_IRQHandler
                0x08001d1c                ETH_IRQHandler
                0x08001d1c                OTG_HS_EP1_OUT_IRQHandler
                0x08001d1c                WWDG_IRQHandler
                0x08001d1c                TIM2_IRQHandler
                0x08001d1c                OTG_FS_WKUP_IRQHandler
                0x08001d1c                TIM1_TRG_COM_TIM11_IRQHandler
                0x08001d1c                OTG_HS_IRQHandler
                0x08001d1c                EXTI1_IRQHandler
                0x08001d1c                USART2_IRQHandler
                0x08001d1c                I2C2_ER_IRQHandler
                0x08001d1c                DMA2_Stream1_IRQHandler
                0x08001d1c                CAN1_SCE_IRQHandler
                0x08001d1c                FLASH_IRQHandler
                0x08001d1c                DMA2_Stream4_IRQHandler
                0x08001d1c                USART1_IRQHandler
                0x08001d1c                OTG_FS_IRQHandler
                0x08001d1c                SPI3_IRQHandler
                0x08001d1c                DMA1_Stream4_IRQHandler
                0x08001d1c                I2C1_ER_IRQHandler
                0x08001d1c                DMA2_Stream6_IRQHandler
                0x08001d1c                DMA1_Stream3_IRQHandler
 *fill*         0x08001d1e        0x2 
 .text.__libc_init_array
                0x08001d20       0x48 c:/program files (x86)/atollic/truestudio for stm32 9.0.0/armtools/bin/../lib/gcc/arm-atollic-eabi/6.3.1/../../../../arm-atollic-eabi/lib/armv7e-m/fpu\libc_nano.a(lib_a-init.o)
                0x08001d20                __libc_init_array
 .text.malloc   0x08001d68       0x10 c:/program files (x86)/atollic/truestudio for stm32 9.0.0/armtools/bin/../lib/gcc/arm-atollic-eabi/6.3.1/../../../../arm-atollic-eabi/lib/armv7e-m/fpu\libc_nano.a(lib_a-malloc.o)
                0x08001d68                malloc
 .text._malloc_r
                0x08001d78       0xbc c:/program files (x86)/atollic/truestudio for stm32 9.0.0/armtools/bin/../lib/gcc/arm-atollic-eabi/6.3.1/../../../../arm-atollic-eabi/lib/armv7e-m/fpu\libc_nano.a(lib_a-nano-mallocr.o)
                0x08001d78                _malloc_r
 .text._sbrk_r  0x08001e34       0x20 c:/program files (x86)/atollic/truestudio for stm32 9.0.0/armtools/bin/../lib/gcc/arm-atollic-eabi/6.3.1/../../../../arm-atollic-eabi/lib/armv7e-m/fpu\libc_nano.a(lib_a-sbrkr.o)
                0x08001e34                _sbrk_r
 .text.__malloc_lock
                0x08001e54        0x2 c:/program files (x86)/atollic/truestudio for stm32 9.0.0/armtools/bin/../lib/gcc/arm-atollic-eabi/6.3.1/../../../../arm-atollic-eabi/lib/armv7e-m/fpu\libc_nano.a(lib_a-mlock.o)
                0x08001e54                __malloc_lock
 .text.__malloc_unlock
                0x08001e56        0x2 c:/program files (x86)/atollic/truestudio for stm32 9.0.0/armtools/bin/../lib/gcc/arm-atollic-eabi/6.3.1/../../../../arm-atollic-eabi/lib/armv7e-m/fpu\libc_nano.a(lib_a-mlock.o)
                0x08001e56                __malloc_unlock
 .text._sbrk    0x08001e58       0x1c c:/program files (x86)/atollic/truestudio for stm32 9.0.0/armtools/bin/../lib/gcc/arm-atollic-eabi/6.3.1/../../../../arm-atollic-eabi/lib/armv7e-m/fpu\libnosys.a(sbrk.o)
                0x08001e58                _sbrk
 *(.glue_7)
 .glue_7        0x08001e74        0x0 linker stubs
 *(.glue_7t)
 .glue_7t       0x08001e74        0x0 linker stubs
 *(.eh_frame)
 .eh_frame      0x08001e74        0x0 c:/program files (x86)/atollic/truestudio for stm32 9.0.0/armtools/bin/../lib/gcc/arm-atollic-eabi/6.3.1/armv7e-m/fpu/crtbegin.o
 *(.init)
 .init          0x08001e74        0x4 c:/program files (x86)/atollic/truestudio for stm32 9.0.0/armtools/bin/../lib/gcc/arm-atollic-eabi/6.3.1/armv7e-m/fpu/crti.o
                0x08001e74                _init
 .init          0x08001e78        0x8 c:/program files (x86)/atollic/truestudio for stm32 9.0.0/armtools/bin/../lib/gcc/arm-atollic-eabi/6.3.1/armv7e-m/fpu/crtn.o
 *(.fini)
 .fini          0x08001e80        0x4 c:/program files (x86)/atollic/truestudio for stm32 9.0.0/armtools/bin/../lib/gcc/arm-atollic-eabi/6.3.1/armv7e-m/fpu/crti.o
                0x08001e80                _fini
 .fini          0x08001e84        0x8 c:/program files (x86)/atollic/truestudio for stm32 9.0.0/armtools/bin/../lib/gcc/arm-atollic-eabi/6.3.1/armv7e-m/fpu/crtn.o
                0x08001e8c                . = ALIGN (0x4)
                0x08001e8c                _etext = .

.vfp11_veneer   0x08001e8c        0x0
 .vfp11_veneer  0x08001e8c        0x0 linker stubs

.v4_bx          0x08001e8c        0x0
 .v4_bx         0x08001e8c        0x0 linker stubs

.iplt           0x08001e8c        0x0
 .iplt          0x08001e8c        0x0 c:/program files (x86)/atollic/truestudio for stm32 9.0.0/armtools/bin/../lib/gcc/arm-atollic-eabi/6.3.1/armv7e-m/fpu/crtbegin.o

.rodata         0x08001e8c       0x2c
                0x08001e8c                . = ALIGN (0x4)
 *(.rodata)
 *(.rodata*)
 .rodata.MX_ADC1_Init.str1.1
                0x08001e8c        0xd Src\adc.o
 .rodata.MX_CAN1_Init.str1.1
                0x08001e99        0xd Src\can.o
 .rodata.AHBPrescTable
                0x08001ea6       0x10 Src\system_stm32f4xx.o
                0x08001ea6                AHBPrescTable
                0x08001eb8                . = ALIGN (0x4)
 *fill*         0x08001eb6        0x2 

.ARM.extab
 *(.ARM.extab* .gnu.linkonce.armextab.*)

.ARM            0x08001eb8        0x8
                0x08001eb8                __exidx_start = .
 *(.ARM.exidx*)
 .ARM.exidx     0x08001eb8        0x8 c:/program files (x86)/atollic/truestudio for stm32 9.0.0/armtools/bin/../lib/gcc/arm-atollic-eabi/6.3.1/armv7e-m/fpu\libgcc.a(_udivmoddi4.o)
                0x08001ec0                __exidx_end = .

.rel.dyn        0x08001ec0        0x0
 .rel.iplt      0x08001ec0        0x0 c:/program files (x86)/atollic/truestudio for stm32 9.0.0/armtools/bin/../lib/gcc/arm-atollic-eabi/6.3.1/armv7e-m/fpu/crtbegin.o

.preinit_array  0x08001ec0        0x0
                0x08001ec0                PROVIDE (__preinit_array_start, .)
 *(.preinit_array*)
                0x08001ec0                PROVIDE (__preinit_array_end, .)

.init_array     0x08001ec0        0x4
                0x08001ec0                PROVIDE (__init_array_start, .)
 *(SORT(.init_array.*))
 *(.init_array*)
 .init_array    0x08001ec0        0x4 c:/program files (x86)/atollic/truestudio for stm32 9.0.0/armtools/bin/../lib/gcc/arm-atollic-eabi/6.3.1/armv7e-m/fpu/crtbegin.o
                0x08001ec4                PROVIDE (__init_array_end, .)

.fini_array     0x08001ec4        0x4
                [!provide]                PROVIDE (__fini_array_start, .)
 *(SORT(.fini_array.*))
 *(.fini_array*)
 .fini_array    0x08001ec4        0x4 c:/program files (x86)/atollic/truestudio for stm32 9.0.0/armtools/bin/../lib/gcc/arm-atollic-eabi/6.3.1/armv7e-m/fpu/crtbegin.o
                [!provide]                PROVIDE (__fini_array_end, .)
                0x08001ec8                _sidata = LOADADDR (.data)

.data           0x20000000       0x70 load address 0x08001ec8
                0x20000000                . = ALIGN (0x4)
                0x20000000                _sdata = .
 *(.data)
 *(.data*)
 .data.uwTickFreq
                0x20000000        0x1 Drivers\STM32F4xx_HAL_Driver\Src\stm32f4xx_hal.o
                0x20000000                uwTickFreq
 *fill*         0x20000001        0x3 
 .data.uwTickPrio
                0x20000004        0x4 Drivers\STM32F4xx_HAL_Driver\Src\stm32f4xx_hal.o
                0x20000004                uwTickPrio
 .data.SystemCoreClock
                0x20000008        0x4 Src\system_stm32f4xx.o
                0x20000008                SystemCoreClock
 .data._impure_ptr
                0x2000000c        0x4 c:/program files (x86)/atollic/truestudio for stm32 9.0.0/armtools/bin/../lib/gcc/arm-atollic-eabi/6.3.1/../../../../arm-atollic-eabi/lib/armv7e-m/fpu\libc_nano.a(lib_a-impure.o)
                0x2000000c                _impure_ptr
 .data.impure_data
                0x20000010       0x60 c:/program files (x86)/atollic/truestudio for stm32 9.0.0/armtools/bin/../lib/gcc/arm-atollic-eabi/6.3.1/../../../../arm-atollic-eabi/lib/armv7e-m/fpu\libc_nano.a(lib_a-impure.o)
                0x20000070                . = ALIGN (0x4)
                0x20000070                _edata = .
                0x08001f38                _siccmram = LOADADDR (.ccmram)

.igot.plt       0x20000070        0x0 load address 0x08001f38
 .igot.plt      0x20000070        0x0 c:/program files (x86)/atollic/truestudio for stm32 9.0.0/armtools/bin/../lib/gcc/arm-atollic-eabi/6.3.1/armv7e-m/fpu/crtbegin.o

.ccmram         0x10000000        0x0 load address 0x08001f38
                0x10000000                . = ALIGN (0x4)
                0x10000000                _sccmram = .
 *(.ccmram)
 *(.ccmram*)
                0x10000000                . = ALIGN (0x4)
                0x10000000                _eccmram = .
                0x10000000                . = ALIGN (0x4)

.bss            0x20000070      0x15c
                0x20000070                _sbss = .
                0x20000070                __bss_start__ = _sbss
 *(.bss)
 .bss           0x20000070       0x1c c:/program files (x86)/atollic/truestudio for stm32 9.0.0/armtools/bin/../lib/gcc/arm-atollic-eabi/6.3.1/armv7e-m/fpu/crtbegin.o
 *(.bss*)
 .bss.__malloc_free_list
                0x2000008c        0x4 c:/program files (x86)/atollic/truestudio for stm32 9.0.0/armtools/bin/../lib/gcc/arm-atollic-eabi/6.3.1/../../../../arm-atollic-eabi/lib/armv7e-m/fpu\libc_nano.a(lib_a-nano-mallocr.o)
                0x2000008c                __malloc_free_list
 .bss.__malloc_sbrk_start
                0x20000090        0x4 c:/program files (x86)/atollic/truestudio for stm32 9.0.0/armtools/bin/../lib/gcc/arm-atollic-eabi/6.3.1/../../../../arm-atollic-eabi/lib/armv7e-m/fpu\libc_nano.a(lib_a-nano-mallocr.o)
                0x20000090                __malloc_sbrk_start
 .bss.heap_end.5239
                0x20000094        0x4 c:/program files (x86)/atollic/truestudio for stm32 9.0.0/armtools/bin/../lib/gcc/arm-atollic-eabi/6.3.1/../../../../arm-atollic-eabi/lib/armv7e-m/fpu\libnosys.a(sbrk.o)
 *(COMMON)
 COMMON         0x20000098        0x4 Drivers\STM32F4xx_HAL_Driver\Src\stm32f4xx_hal.o
                0x20000098                uwTick
 COMMON         0x2000009c       0xd8 Src\adc.o
                0x2000009c                hadc2
                0x200000e4                hadc1
                0x2000012c                hadc3
 COMMON         0x20000174       0x28 Src\can.o
                0x20000174                hcan1
 COMMON         0x2000019c       0x2a Src\io.o
                0x2000019c                sensors
                0x200001b6                status
 *fill*         0x200001c6        0x2 
 COMMON         0x200001c8        0x4 c:/program files (x86)/atollic/truestudio for stm32 9.0.0/armtools/bin/../lib/gcc/arm-atollic-eabi/6.3.1/../../../../arm-atollic-eabi/lib/armv7e-m/fpu\libc_nano.a(lib_a-reent.o)
                0x200001c8                errno
                0x200001cc                . = ALIGN (0x4)
                0x200001cc                _ebss = .
                0x200001cc                __bss_end__ = _ebss

._user_heap_stack
                0x200001cc      0x600
                0x200001cc                . = ALIGN (0x4)
                0x200001cc                PROVIDE (end, .)
                [!provide]                PROVIDE (_end, .)
                0x200003cc                . = (. + _Min_Heap_Size)
 *fill*         0x200001cc      0x200 
                0x200007cc                . = (. + _Min_Stack_Size)
 *fill*         0x200003cc      0x400 
                0x200007cc                . = ALIGN (0x4)

/DISCARD/
 libc.a(*)
 libm.a(*)
 libgcc.a(*)

.ARM.attributes
                0x00000000       0x30
 *(.ARM.attributes)
 .ARM.attributes
                0x00000000       0x22 c:/program files (x86)/atollic/truestudio for stm32 9.0.0/armtools/bin/../lib/gcc/arm-atollic-eabi/6.3.1/armv7e-m/fpu/crti.o
 .ARM.attributes
                0x00000022       0x34 c:/program files (x86)/atollic/truestudio for stm32 9.0.0/armtools/bin/../lib/gcc/arm-atollic-eabi/6.3.1/armv7e-m/fpu/crtbegin.o
 .ARM.attributes
                0x00000056       0x39 Drivers\STM32F4xx_HAL_Driver\Src\stm32f4xx_hal.o
 .ARM.attributes
                0x0000008f       0x39 Drivers\STM32F4xx_HAL_Driver\Src\stm32f4xx_hal_adc.o
 .ARM.attributes
                0x000000c8       0x39 Drivers\STM32F4xx_HAL_Driver\Src\stm32f4xx_hal_can.o
 .ARM.attributes
                0x00000101       0x39 Drivers\STM32F4xx_HAL_Driver\Src\stm32f4xx_hal_cortex.o
 .ARM.attributes
                0x0000013a       0x39 Drivers\STM32F4xx_HAL_Driver\Src\stm32f4xx_hal_gpio.o
 .ARM.attributes
                0x00000173       0x39 Drivers\STM32F4xx_HAL_Driver\Src\stm32f4xx_hal_rcc.o
 .ARM.attributes
                0x000001ac       0x39 Src\adc.o
 .ARM.attributes
                0x000001e5       0x39 Src\can.o
 .ARM.attributes
                0x0000021e       0x39 Src\gpio.o
 .ARM.attributes
                0x00000257       0x39 Src\io.o
 .ARM.attributes
                0x00000290       0x39 Src\main.o
 .ARM.attributes
                0x000002c9       0x39 Src\stm32f4xx_hal_msp.o
 .ARM.attributes
                0x00000302       0x39 Src\stm32f4xx_it.o
 .ARM.attributes
                0x0000033b       0x39 Src\system_stm32f4xx.o
 .ARM.attributes
                0x00000374       0x39 common_src\mycan.o
 .ARM.attributes
                0x000003ad       0x39 common_src\scheduler.o
 .ARM.attributes
                0x000003e6       0x21 startup\startup_stm32f407xx.o
 .ARM.attributes
                0x00000407       0x34 c:/program files (x86)/atollic/truestudio for stm32 9.0.0/armtools/bin/../lib/gcc/arm-atollic-eabi/6.3.1/../../../../arm-atollic-eabi/lib/armv7e-m/fpu\libc_nano.a(lib_a-init.o)
 .ARM.attributes
                0x0000043b       0x34 c:/program files (x86)/atollic/truestudio for stm32 9.0.0/armtools/bin/../lib/gcc/arm-atollic-eabi/6.3.1/../../../../arm-atollic-eabi/lib/armv7e-m/fpu\libc_nano.a(lib_a-malloc.o)
 .ARM.attributes
                0x0000046f       0x34 c:/program files (x86)/atollic/truestudio for stm32 9.0.0/armtools/bin/../lib/gcc/arm-atollic-eabi/6.3.1/../../../../arm-atollic-eabi/lib/armv7e-m/fpu\libc_nano.a(lib_a-nano-mallocr.o)
 .ARM.attributes
                0x000004a3       0x34 c:/program files (x86)/atollic/truestudio for stm32 9.0.0/armtools/bin/../lib/gcc/arm-atollic-eabi/6.3.1/../../../../arm-atollic-eabi/lib/armv7e-m/fpu\libc_nano.a(lib_a-sbrkr.o)
 .ARM.attributes
                0x000004d7       0x34 c:/program files (x86)/atollic/truestudio for stm32 9.0.0/armtools/bin/../lib/gcc/arm-atollic-eabi/6.3.1/../../../../arm-atollic-eabi/lib/armv7e-m/fpu\libc_nano.a(lib_a-impure.o)
 .ARM.attributes
                0x0000050b       0x34 c:/program files (x86)/atollic/truestudio for stm32 9.0.0/armtools/bin/../lib/gcc/arm-atollic-eabi/6.3.1/../../../../arm-atollic-eabi/lib/armv7e-m/fpu\libc_nano.a(lib_a-mlock.o)
 .ARM.attributes
                0x0000053f       0x34 c:/program files (x86)/atollic/truestudio for stm32 9.0.0/armtools/bin/../lib/gcc/arm-atollic-eabi/6.3.1/../../../../arm-atollic-eabi/lib/armv7e-m/fpu\libc_nano.a(lib_a-reent.o)
 .ARM.attributes
                0x00000573       0x22 c:/program files (x86)/atollic/truestudio for stm32 9.0.0/armtools/bin/../lib/gcc/arm-atollic-eabi/6.3.1/armv7e-m/fpu\libgcc.a(_aeabi_uldivmod.o)
 .ARM.attributes
                0x00000595       0x34 c:/program files (x86)/atollic/truestudio for stm32 9.0.0/armtools/bin/../lib/gcc/arm-atollic-eabi/6.3.1/armv7e-m/fpu\libgcc.a(_udivmoddi4.o)
 .ARM.attributes
                0x000005c9       0x22 c:/program files (x86)/atollic/truestudio for stm32 9.0.0/armtools/bin/../lib/gcc/arm-atollic-eabi/6.3.1/armv7e-m/fpu\libgcc.a(_dvmd_tls.o)
 .ARM.attributes
                0x000005eb       0x34 c:/program files (x86)/atollic/truestudio for stm32 9.0.0/armtools/bin/../lib/gcc/arm-atollic-eabi/6.3.1/../../../../arm-atollic-eabi/lib/armv7e-m/fpu\libnosys.a(sbrk.o)
 .ARM.attributes
                0x0000061f       0x22 c:/program files (x86)/atollic/truestudio for stm32 9.0.0/armtools/bin/../lib/gcc/arm-atollic-eabi/6.3.1/armv7e-m/fpu/crtn.o
OUTPUT(IO_Board_2018.elf elf32-littlearm)

.debug_info     0x00000000    0x12463
 .debug_info    0x00000000     0x11ec Drivers\STM32F4xx_HAL_Driver\Src\stm32f4xx_hal.o
 .debug_info    0x000011ec     0x15ad Drivers\STM32F4xx_HAL_Driver\Src\stm32f4xx_hal_adc.o
 .debug_info    0x00002799     0x17e0 Drivers\STM32F4xx_HAL_Driver\Src\stm32f4xx_hal_can.o
 .debug_info    0x00003f79     0x1744 Drivers\STM32F4xx_HAL_Driver\Src\stm32f4xx_hal_cortex.o
 .debug_info    0x000056bd      0xf88 Drivers\STM32F4xx_HAL_Driver\Src\stm32f4xx_hal_gpio.o
 .debug_info    0x00006645     0x1269 Drivers\STM32F4xx_HAL_Driver\Src\stm32f4xx_hal_rcc.o
 .debug_info    0x000078ae     0x1447 Src\adc.o
 .debug_info    0x00008cf5     0x10e3 Src\can.o
 .debug_info    0x00009dd8      0xcf3 Src\gpio.o
 .debug_info    0x0000aacb     0x1e5a Src\io.o
 .debug_info    0x0000c925     0x1bd4 Src\main.o
 .debug_info    0x0000e4f9      0xc61 Src\stm32f4xx_hal_msp.o
 .debug_info    0x0000f15a      0x9de Src\stm32f4xx_it.o
 .debug_info    0x0000fb38      0xd1c Src\system_stm32f4xx.o
 .debug_info    0x00010854     0x1120 common_src\mycan.o
 .debug_info    0x00011974      0xa75 common_src\scheduler.o
 .debug_info    0x000123e9       0x7a startup\startup_stm32f407xx.o

.debug_abbrev   0x00000000     0x2ae5
 .debug_abbrev  0x00000000      0x308 Drivers\STM32F4xx_HAL_Driver\Src\stm32f4xx_hal.o
 .debug_abbrev  0x00000308      0x321 Drivers\STM32F4xx_HAL_Driver\Src\stm32f4xx_hal_adc.o
 .debug_abbrev  0x00000629      0x380 Drivers\STM32F4xx_HAL_Driver\Src\stm32f4xx_hal_can.o
 .debug_abbrev  0x000009a9      0x399 Drivers\STM32F4xx_HAL_Driver\Src\stm32f4xx_hal_cortex.o
 .debug_abbrev  0x00000d42      0x268 Drivers\STM32F4xx_HAL_Driver\Src\stm32f4xx_hal_gpio.o
 .debug_abbrev  0x00000faa      0x353 Drivers\STM32F4xx_HAL_Driver\Src\stm32f4xx_hal_rcc.o
 .debug_abbrev  0x000012fd      0x229 Src\adc.o
 .debug_abbrev  0x00001526      0x252 Src\can.o
 .debug_abbrev  0x00001778      0x1f7 Src\gpio.o
 .debug_abbrev  0x0000196f      0x3a9 Src\io.o
 .debug_abbrev  0x00001d18      0x2c0 Src\main.o
 .debug_abbrev  0x00001fd8      0x1d3 Src\stm32f4xx_hal_msp.o
 .debug_abbrev  0x000021ab      0x1fd Src\stm32f4xx_it.o
 .debug_abbrev  0x000023a8      0x1ca Src\system_stm32f4xx.o
 .debug_abbrev  0x00002572      0x33f common_src\mycan.o
 .debug_abbrev  0x000028b1      0x222 common_src\scheduler.o
 .debug_abbrev  0x00002ad3       0x12 startup\startup_stm32f407xx.o

.debug_loc      0x00000000     0x231b
 .debug_loc     0x00000000      0x11b Drivers\STM32F4xx_HAL_Driver\Src\stm32f4xx_hal.o
 .debug_loc     0x0000011b      0x79c Drivers\STM32F4xx_HAL_Driver\Src\stm32f4xx_hal_adc.o
 .debug_loc     0x000008b7      0x938 Drivers\STM32F4xx_HAL_Driver\Src\stm32f4xx_hal_can.o
 .debug_loc     0x000011ef      0x4fb Drivers\STM32F4xx_HAL_Driver\Src\stm32f4xx_hal_cortex.o
 .debug_loc     0x000016ea      0x3cd Drivers\STM32F4xx_HAL_Driver\Src\stm32f4xx_hal_gpio.o
 .debug_loc     0x00001ab7      0x336 Drivers\STM32F4xx_HAL_Driver\Src\stm32f4xx_hal_rcc.o
 .debug_loc     0x00001ded       0x58 Src\adc.o
 .debug_loc     0x00001e45       0x4d Src\can.o
 .debug_loc     0x00001e92       0x75 Src\io.o
 .debug_loc     0x00001f07      0x11c Src\system_stm32f4xx.o
 .debug_loc     0x00002023      0x222 common_src\mycan.o
 .debug_loc     0x00002245       0xd6 common_src\scheduler.o

.debug_aranges  0x00000000      0x710
 .debug_aranges
                0x00000000       0xd8 Drivers\STM32F4xx_HAL_Driver\Src\stm32f4xx_hal.o
 .debug_aranges
                0x000000d8       0xb8 Drivers\STM32F4xx_HAL_Driver\Src\stm32f4xx_hal_adc.o
 .debug_aranges
                0x00000190       0xc8 Drivers\STM32F4xx_HAL_Driver\Src\stm32f4xx_hal_can.o
 .debug_aranges
                0x00000258       0xa8 Drivers\STM32F4xx_HAL_Driver\Src\stm32f4xx_hal_cortex.o
 .debug_aranges
                0x00000300       0x58 Drivers\STM32F4xx_HAL_Driver\Src\stm32f4xx_hal_gpio.o
 .debug_aranges
                0x00000358       0x88 Drivers\STM32F4xx_HAL_Driver\Src\stm32f4xx_hal_rcc.o
 .debug_aranges
                0x000003e0       0x40 Src\adc.o
 .debug_aranges
                0x00000420       0x30 Src\can.o
 .debug_aranges
                0x00000450       0x20 Src\gpio.o
 .debug_aranges
                0x00000470      0x100 Src\io.o
 .debug_aranges
                0x00000570       0x30 Src\main.o
 .debug_aranges
                0x000005a0       0x20 Src\stm32f4xx_hal_msp.o
 .debug_aranges
                0x000005c0       0x48 Src\stm32f4xx_it.o
 .debug_aranges
                0x00000608       0x28 Src\system_stm32f4xx.o
 .debug_aranges
                0x00000630       0x80 common_src\mycan.o
 .debug_aranges
                0x000006b0       0x38 common_src\scheduler.o
 .debug_aranges
                0x000006e8       0x28 startup\startup_stm32f407xx.o

.debug_ranges   0x00000000      0x7c8
 .debug_ranges  0x00000000       0xc8 Drivers\STM32F4xx_HAL_Driver\Src\stm32f4xx_hal.o
 .debug_ranges  0x000000c8       0xc8 Drivers\STM32F4xx_HAL_Driver\Src\stm32f4xx_hal_adc.o
 .debug_ranges  0x00000190       0xb8 Drivers\STM32F4xx_HAL_Driver\Src\stm32f4xx_hal_can.o
 .debug_ranges  0x00000248      0x138 Drivers\STM32F4xx_HAL_Driver\Src\stm32f4xx_hal_cortex.o
 .debug_ranges  0x00000380       0x68 Drivers\STM32F4xx_HAL_Driver\Src\stm32f4xx_hal_gpio.o
 .debug_ranges  0x000003e8       0xb0 Drivers\STM32F4xx_HAL_Driver\Src\stm32f4xx_hal_rcc.o
 .debug_ranges  0x00000498       0x30 Src\adc.o
 .debug_ranges  0x000004c8       0x40 Src\can.o
 .debug_ranges  0x00000508       0x48 Src\gpio.o
 .debug_ranges  0x00000550      0x110 Src\io.o
 .debug_ranges  0x00000660       0x20 Src\main.o
 .debug_ranges  0x00000680       0x10 Src\stm32f4xx_hal_msp.o
 .debug_ranges  0x00000690       0x38 Src\stm32f4xx_it.o
 .debug_ranges  0x000006c8       0x18 Src\system_stm32f4xx.o
 .debug_ranges  0x000006e0       0x88 common_src\mycan.o
 .debug_ranges  0x00000768       0x40 common_src\scheduler.o
 .debug_ranges  0x000007a8       0x20 startup\startup_stm32f407xx.o

.debug_line     0x00000000     0x441d
 .debug_line    0x00000000      0x492 Drivers\STM32F4xx_HAL_Driver\Src\stm32f4xx_hal.o
 .debug_line    0x00000492      0x758 Drivers\STM32F4xx_HAL_Driver\Src\stm32f4xx_hal_adc.o
 .debug_line    0x00000bea      0x716 Drivers\STM32F4xx_HAL_Driver\Src\stm32f4xx_hal_can.o
 .debug_line    0x00001300      0x4dc Drivers\STM32F4xx_HAL_Driver\Src\stm32f4xx_hal_cortex.o
 .debug_line    0x000017dc      0x47a Drivers\STM32F4xx_HAL_Driver\Src\stm32f4xx_hal_gpio.o
 .debug_line    0x00001c56      0x58b Drivers\STM32F4xx_HAL_Driver\Src\stm32f4xx_hal_rcc.o
 .debug_line    0x000021e1      0x39e Src\adc.o
 .debug_line    0x0000257f      0x30a Src\can.o
 .debug_line    0x00002889      0x28c Src\gpio.o
 .debug_line    0x00002b15      0x621 Src\io.o
 .debug_line    0x00003136      0x44a Src\main.o
 .debug_line    0x00003580      0x289 Src\stm32f4xx_hal_msp.o
 .debug_line    0x00003809      0x2d1 Src\stm32f4xx_it.o
 .debug_line    0x00003ada      0x275 Src\system_stm32f4xx.o
 .debug_line    0x00003d4f      0x396 common_src\mycan.o
 .debug_line    0x000040e5      0x2b9 common_src\scheduler.o
 .debug_line    0x0000439e       0x7f startup\startup_stm32f407xx.o

.debug_str      0x00000000     0x2e9d
 .debug_str     0x00000000      0xf09 Drivers\STM32F4xx_HAL_Driver\Src\stm32f4xx_hal.o
                                0xfbc (size before relaxing)
 .debug_str     0x00000f09      0x6d8 Drivers\STM32F4xx_HAL_Driver\Src\stm32f4xx_hal_adc.o
                                0xdbc (size before relaxing)
 .debug_str     0x000015e1      0x791 Drivers\STM32F4xx_HAL_Driver\Src\stm32f4xx_hal_can.o
                                0xeda (size before relaxing)
 .debug_str     0x00001d72      0x3c8 Drivers\STM32F4xx_HAL_Driver\Src\stm32f4xx_hal_cortex.o
                               0x1093 (size before relaxing)
 .debug_str     0x0000213a      0x1d3 Drivers\STM32F4xx_HAL_Driver\Src\stm32f4xx_hal_gpio.o
                                0x969 (size before relaxing)
 .debug_str     0x0000230d      0x2e9 Drivers\STM32F4xx_HAL_Driver\Src\stm32f4xx_hal_rcc.o
                                0xb3c (size before relaxing)
 .debug_str     0x000025f6       0x5f Src\adc.o
                                0xc88 (size before relaxing)
 .debug_str     0x00002655       0x2a Src\can.o
                                0xab0 (size before relaxing)
 .debug_str     0x0000267f       0x1b Src\gpio.o
                                0x802 (size before relaxing)
 .debug_str     0x0000269a      0x500 Src\io.o
                               0x127f (size before relaxing)
 .debug_str     0x00002b9a       0x94 Src\main.o
                               0x1718 (size before relaxing)
 .debug_str     0x00002c2e       0x1b Src\stm32f4xx_hal_msp.o
                                0xb6e (size before relaxing)
 .debug_str     0x00002c49       0xa6 Src\stm32f4xx_it.o
                                0x6f0 (size before relaxing)
 .debug_str     0x00002cef       0x45 Src\system_stm32f4xx.o
                                0x7cd (size before relaxing)
 .debug_str     0x00002d34      0x105 common_src\mycan.o
                                0xaa9 (size before relaxing)
 .debug_str     0x00002e39       0x64 common_src\scheduler.o
                                0x6d9 (size before relaxing)

.comment        0x00000000       0x7c
 .comment       0x00000000       0x7c Drivers\STM32F4xx_HAL_Driver\Src\stm32f4xx_hal.o
                                 0x7d (size before relaxing)
 .comment       0x0000007c       0x7d Drivers\STM32F4xx_HAL_Driver\Src\stm32f4xx_hal_adc.o
 .comment       0x0000007c       0x7d Drivers\STM32F4xx_HAL_Driver\Src\stm32f4xx_hal_can.o
 .comment       0x0000007c       0x7d Drivers\STM32F4xx_HAL_Driver\Src\stm32f4xx_hal_cortex.o
 .comment       0x0000007c       0x7d Drivers\STM32F4xx_HAL_Driver\Src\stm32f4xx_hal_gpio.o
 .comment       0x0000007c       0x7d Drivers\STM32F4xx_HAL_Driver\Src\stm32f4xx_hal_rcc.o
 .comment       0x0000007c       0x7d Src\adc.o
 .comment       0x0000007c       0x7d Src\can.o
 .comment       0x0000007c       0x7d Src\gpio.o
 .comment       0x0000007c       0x7d Src\io.o
 .comment       0x0000007c       0x7d Src\main.o
 .comment       0x0000007c       0x7d Src\stm32f4xx_hal_msp.o
 .comment       0x0000007c       0x7d Src\stm32f4xx_it.o
 .comment       0x0000007c       0x7d Src\system_stm32f4xx.o
 .comment       0x0000007c       0x7d common_src\mycan.o
 .comment       0x0000007c       0x7d common_src\scheduler.o

.debug_frame    0x00000000     0x129c
 .debug_frame   0x00000000      0x1d0 Drivers\STM32F4xx_HAL_Driver\Src\stm32f4xx_hal.o
 .debug_frame   0x000001d0      0x244 Drivers\STM32F4xx_HAL_Driver\Src\stm32f4xx_hal_adc.o
 .debug_frame   0x00000414      0x2cc Drivers\STM32F4xx_HAL_Driver\Src\stm32f4xx_hal_can.o
 .debug_frame   0x000006e0      0x158 Drivers\STM32F4xx_HAL_Driver\Src\stm32f4xx_hal_cortex.o
 .debug_frame   0x00000838       0xd8 Drivers\STM32F4xx_HAL_Driver\Src\stm32f4xx_hal_gpio.o
 .debug_frame   0x00000910      0x13c Drivers\STM32F4xx_HAL_Driver\Src\stm32f4xx_hal_rcc.o
 .debug_frame   0x00000a4c       0x8c Src\adc.o
 .debug_frame   0x00000ad8       0x58 Src\can.o
 .debug_frame   0x00000b30       0x30 Src\gpio.o
 .debug_frame   0x00000b60      0x2a0 Src\io.o
 .debug_frame   0x00000e00       0x58 Src\main.o
 .debug_frame   0x00000e58       0x2c Src\stm32f4xx_hal_msp.o
 .debug_frame   0x00000e84       0xac Src\stm32f4xx_it.o
 .debug_frame   0x00000f30       0x38 Src\system_stm32f4xx.o
 .debug_frame   0x00000f68       0xf8 common_src\mycan.o
 .debug_frame   0x00001060       0x7c common_src\scheduler.o
 .debug_frame   0x000010dc       0x2c c:/program files (x86)/atollic/truestudio for stm32 9.0.0/armtools/bin/../lib/gcc/arm-atollic-eabi/6.3.1/../../../../arm-atollic-eabi/lib/armv7e-m/fpu\libc_nano.a(lib_a-init.o)
 .debug_frame   0x00001108       0x30 c:/program files (x86)/atollic/truestudio for stm32 9.0.0/armtools/bin/../lib/gcc/arm-atollic-eabi/6.3.1/../../../../arm-atollic-eabi/lib/armv7e-m/fpu\libc_nano.a(lib_a-malloc.o)
 .debug_frame   0x00001138       0x2c c:/program files (x86)/atollic/truestudio for stm32 9.0.0/armtools/bin/../lib/gcc/arm-atollic-eabi/6.3.1/../../../../arm-atollic-eabi/lib/armv7e-m/fpu\libc_nano.a(lib_a-nano-mallocr.o)
 .debug_frame   0x00001164       0x2c c:/program files (x86)/atollic/truestudio for stm32 9.0.0/armtools/bin/../lib/gcc/arm-atollic-eabi/6.3.1/../../../../arm-atollic-eabi/lib/armv7e-m/fpu\libc_nano.a(lib_a-sbrkr.o)
 .debug_frame   0x00001190       0x30 c:/program files (x86)/atollic/truestudio for stm32 9.0.0/armtools/bin/../lib/gcc/arm-atollic-eabi/6.3.1/../../../../arm-atollic-eabi/lib/armv7e-m/fpu\libc_nano.a(lib_a-mlock.o)
 .debug_frame   0x000011c0       0x5c c:/program files (x86)/atollic/truestudio for stm32 9.0.0/armtools/bin/../lib/gcc/arm-atollic-eabi/6.3.1/../../../../arm-atollic-eabi/lib/armv7e-m/fpu\libc_nano.a(lib_a-reent.o)
 .debug_frame   0x0000121c       0x2c c:/program files (x86)/atollic/truestudio for stm32 9.0.0/armtools/bin/../lib/gcc/arm-atollic-eabi/6.3.1/armv7e-m/fpu\libgcc.a(_aeabi_uldivmod.o)
 .debug_frame   0x00001248       0x34 c:/program files (x86)/atollic/truestudio for stm32 9.0.0/armtools/bin/../lib/gcc/arm-atollic-eabi/6.3.1/armv7e-m/fpu\libgcc.a(_udivmoddi4.o)
 .debug_frame   0x0000127c       0x20 c:/program files (x86)/atollic/truestudio for stm32 9.0.0/armtools/bin/../lib/gcc/arm-atollic-eabi/6.3.1/../../../../arm-atollic-eabi/lib/armv7e-m/fpu\libnosys.a(sbrk.o)
